root
10-class	 A {
                    ^
	20-fn {
________________
	 	30- if{   }
___________________^
 		31-if{
		 	40-do  {    	}
		  }
		32-if{  	
			41 -do{ 	}
		}  
	}
}
