root
10-class	 A {
	20-fn {
          ^_____
	 	30- if{   }
____________________________
 		31-if{
_______________________
		 	40-do  {    	}
________________________^
		  }
		32-if{  	
			41 -do{ 	}
		}  
	}
}
