root
   ^_
10-class	 A {
_____________________
	20-fn {
________________
	 	30- if{   }
^
 		31-if{
		 	40-do  {    	}
		  }
		32-if{  	
			41 -do{ 	}
		}  
	}
}
