root
   ^_
10-class	 A {
________________^
	20-fn {
	 	30- if{   }
 		31-if{
		 	40-do  {    	}
		  }
		32-if{  	
			41 -do{ 	}
		}  
	}
}
