root
    ^
10-class	 A {
_____________________
	20-fn {
________________
	 	30- if{   }
____________________________
 		31-if{
_______________________
		 	40-do  {    	}
__________________________________________
		  }
____________________
		32-if{  	
_________________________________
			41 -do{ 	}
________^
		}  
	}
}
