{


	a{
		if#0{
		}
		if#1{
		}
		if#2{
		}
		if#3{
		}
	}
	
	b{
		if#0{
		}
		if#1{
		}
	}
	
	
	c{
		if#0{
		}
	}

}